[connectingactions.net/index.html]
[backblue.gif]
[fade.gif]
[index.html]
[connectingactions.net/wp-includes/css/dist/block-library/style.min0757.css]
[connectingactions.net/wp-includes/css/classic-themes.min0757.css]
[connectingactions.net/wp-content/themes/zerif-lite/css/bootstrap0757.css]
[connectingactions.net/wp-content/themes/zerif-lite/css/font-awesome.mind3b3.css]
[connectingactions.net/wp-content/themes/connecting-actions/styled3b3.css]
[connectingactions.net/feed/index.html]
[connectingactions.net/wp-content/themes/zerif-lite/css/responsived3b3.css]
[connectingactions.net/comments/feed/index.html]
[connectingactions.net/wp-content/themes/zerif-lite/style0757.css]
[connectingactions.net/wp-content/themes/connecting-actions/style8c6b.css]
[connectingactions.net/wp-includes/js/jquery/jquery.min5aed.js]
[connectingactions.net/wp-includes/js/jquery/jquery-migrate.min6b00.js]
[connectingactions.net/xmlrpc0db0.php]
[connectingactions.net/wp-includes/wlwmanifest.xml]
[connectingactions.net/wp-json/index.html]
[www.connectingactions.net/wp-content/uploads/IMG_6582.final_.min_.jpg]
[connectingactions.net/wp-content/uploads/cropped-logo-32x32.jpg]
[connectingactions.net/wp-content/uploads/cropped-logo-192x192.jpg]
[connectingactions.net/wp-content/uploads/cropped-logo-180x180.jpg]
[www.connectingactions.net/wp-content/uploads/logo.jpg]
[www.connectingactions.net/wp-content/uploads/zoom-stripe.jpg]
[www.connectingactions.net/wp-content/uploads/dialogue-12035-400-300x300.png]
[connectingactions.net/who-we-are/index.html]
[www.connectingactions.net/wp-content/uploads/facilitation-105290-400-300x300.png]
[www.connectingactions.net/wp-content/uploads/guide-446782-400-300x300.png]
[connectingactions.net/wp-content/uploads/Image20230622184816-300x280.png]
[connectingactions.net/wp-content/uploads/group.jpg]
[connectingactions.net/wp-content/uploads/edme-e1687874009188.jpg]
[connectingactions.net/supporters/index.html]
[connectingactions.net/category/resources/index.html]
[connectingactions.net/wp-content/themes/zerif-lite/images/envelope4-green.png]
[connectingactions.net/wp-content/themes/connecting-actions/js/caf232.js]
[connectingactions.net/wp-content/themes/zerif-lite/js/bootstrap.min11a8.js]
[connectingactions.net/2023/06/european-network-for-dialogue-on-the-middle-east/index.html]
[connectingactions.net/wp-content/themes/zerif-lite/js/jquery.knob11a8.js]
[connectingactions.net/wp-content/themes/zerif-lite/js/scrollReveal11a8.js]
[connectingactions.net/wp-content/themes/zerif-lite/js/zerif11a8.js]
[connectingactions.net/index.html]
[connectingactions.net/xmlrpc.php]
[connectingactions.net/wp-includes/css/dist/block-library/style.min0757.css]
[connectingactions.net/wp-includes/css/classic-themes.min0757.css]
[connectingactions.net/wp-content/themes/zerif-lite/css/bootstrap0757.css]
[connectingactions.net/wp-content/themes/zerif-lite/fonts/fontawesome-webfont5b62.eot]
[connectingactions.net/wp-content/themes/zerif-lite/fonts/fontawesome-webfontd41d.eot]
[connectingactions.net/wp-content/themes/zerif-lite/fonts/fontawesome-webfont5b62.woff2]
[connectingactions.net/wp-content/themes/zerif-lite/fonts/fontawesome-webfont5b62.woff]
[connectingactions.net/wp-content/themes/zerif-lite/fonts/fontawesome-webfont5b62.ttf]
[connectingactions.net/wp-content/themes/zerif-lite/css/font-awesome.mind3b3.css]
[connectingactions.net/wp-content/themes/connecting-actions/styled3b3.css]
[connectingactions.net/wp-content/themes/zerif-lite/css/responsived3b3.css]
[connectingactions.net/wp-content/themes/zerif-lite/images/search_icon.png]
[connectingactions.net/wp-content/themes/zerif-lite/images/loading.gif]
[connectingactions.net/wp-content/themes/zerif-lite/images/left-arrow.png]
[connectingactions.net/wp-content/themes/zerif-lite/images/right-arrow.png]
[connectingactions.net/wp-content/themes/zerif-lite/images/lines.png]
[connectingactions.net/wp-content/themes/zerif-lite/images/lines-dark.png]
[connectingactions.net/wp-content/themes/zerif-lite/images/woostars.png]
[connectingactions.net/wp-content/themes/zerif-lite/images/menu-icon.png]
[connectingactions.net/wp-content/themes/zerif-lite/style0757.css]
[connectingactions.net/wp-content/themes/connecting-actions/style8c6b.css]
[connectingactions.net/wp-json/wp/v2/pages/297.json]
[connectingactions.net/wp-json/oembed/1.0/embed700d.json]
[connectingactions.net/wp-json/oembed/1.0/embed0e18]
[connectingactions.net/wp-content/uploads/Rafael-Tyszblat-Portrait-Col_Sm-150x150.jpg]
[connectingactions.net/wp-content/uploads/Capture-decran-2023-12-29-a-21.01.41-1.png]
[connectingactions.net/wp-content/uploads/8-16-crop-edit-2-closer-150x150.jpg]
[connectingactions.net/author/a-hohenecker/index.html]
[connectingactions.net/who-we-are/index.html]
[connectingactions.net/wp-login.html]
[connectingactions.net/2023/06/index.html]
[connectingactions.net/wp-json/wp/v2/pages/248.json]
[connectingactions.net/2022/02/index.html]
[connectingactions.net/2021/05/index.html]
[connectingactions.net/2018/08/index.html]
[connectingactions.net/wp-json/oembed/1.0/embede850]
[connectingactions.net/2018/02/index.html]
[connectingactions.net/wp-json/oembed/1.0/embed012a]
[connectingactions.net/2018/01/index.html]
[connectingactions.net/wp-content/uploads/logo_odihr.jpg]
[connectingactions.net/wp-content/uploads/logo_natan.png]
[connectingactions.net/wp-content/uploads/european-commission.png]
[connectingactions.net/wp-content/uploads/kaleidoscope-logobackground-1024x511.png]
[connectingactions.net/wp-content/uploads/maisondelaconversationlogo-1024x548.png]
[connectingactions.net/supporters/index.html]
[connectingactions.net/2017/11/index.html]
[connectingactions.net/2017/07/index.html]
[connectingactions.net/wp-json/wp/v2/categories/4.json]
[connectingactions.net/wp-content/uploads/POD-Podcast-250x250.png]
[connectingactions.net/2017/01/index.html]
[connectingactions.net/wp-content/uploads/1645116044-250x250.png]
[connectingactions.net/wp-content/uploads/MJC-10-Conf-250x250.jpg]
[connectingactions.net/wp-content/uploads/connecting-actions-report.png]
[connectingactions.net/category/resources/index.html]
[connectingactions.net/2016/12/index.html]
[connectingactions.net/wp-json/wp/v2/posts/281.json]
[connectingactions.net/2016/11/index.html]
[connectingactions.net/wp-json/oembed/1.0/embedb189.json]
[connectingactions.net/wp-json/oembed/1.0/embed2f99]
[connectingactions.net/category/resources/feed/index.html]
[connectingactions.net/2023/06/rapport-fr-proche-orient-en-dialogue/index.html]
[connectingactions.net/wp-content/uploads/19-IMG_0582-1-1024x683.jpg]
[connectingactions.net/2023/06/european-network-for-dialogue-on-the-middle-east/index.html]
[connectingactions.net/wp-content/themes/zerif-lite/fonts/fontawesome-webfont5b62.svg]
[connectingactions.net/index07ee.html]
[connectingactions.net/2023/06/middle-east-in-dialogue-report/index.html]
[connectingactions.net/2022/02/dialogue-not-hate-ebook/index.html]
[connectingactions.net/2021/05/the-tolerance-conference-interfaith-testimonies/index.html]
[connectingactions.net/author/rafael-tyszblat/index.html]
[connectingactions.net/2017/07/connecting-muslim-jewish-actions-toolkit/index.html]
[connectingactions.net/wp-json/wp/v2/users/1.json]
[connectingactions.net/category/archive/index.html]
[connectingactions.net/author/a-hohenecker/feed/index.html]
[connectingactions.net/wp-content/uploads/19-IMG_0582-1-250x250.jpg]
[connectingactions.net/wp-content/uploads/bilingual-PR.png]
[connectingactions.net/wp-content/uploads/business-report-icon.png]
[connectingactions.net/wp-content/uploads/pr2-en.png]
[connectingactions.net/2018/08/press-release-launch-of-european-institute-for-dialogue-eifd/index.html]
[connectingactions.net/wp-content/uploads/schedule.png]
[connectingactions.net/author/a-hohenecker/index.html]
[connectingactions.net/2023/06/index.html]
[connectingactions.net/2022/02/index.html]
[connectingactions.net/2021/05/index.html]
[connectingactions.net/2018/08/connecting-actions-2018-coalition-report-and-actions-plan/index.html]
[connectingactions.net/2018/02/connecting-actions-2017-report/index.html]
[connectingactions.net/2018/08/index.html]
[connectingactions.net/2018/02/index.html]
[connectingactions.net/2018/01/index.html]
[connectingactions.net/2017/11/index.html]
[connectingactions.net/2017/07/index.html]
[connectingactions.net/2017/01/index.html]
[connectingactions.net/2017/11/program-2017/index.html]
[connectingactions.net/2018/01/post-conference-press-release-2017/index.html]
[connectingactions.net/author/a-hohenecker/page/2/index.html]
[connectingactions.net/2017/01/connecting-actions-2016-report/index.html]
[connectingactions.net/wp-content/uploads/pr-en.png]
[connectingactions.net/2016/12/index.html]
[connectingactions.net/2016/12/post-conference-press-release-2016/index.html]
[connectingactions.net/wp-content/uploads/pr2-fr.png]
[connectingactions.net/2016/11/index.html]
[connectingactions.net/wp-includes/css/dashicons.min0757.css]
[connectingactions.net/2016/11/preliminary-schedule/index.html]
[connectingactions.net/2016/11/pre-conference-press-release-2016/index.html]
[connectingactions.net/wp-includes/css/buttons.min0757.css]
[connectingactions.net/wp-admin/css/forms.min0757.css]
[connectingactions.net/2016/11/communique-de-presse-avant-la-conference-2016/index.html]
[connectingactions.net/wp-admin/css/l10n.min0757.css]
[connectingactions.net/wp-admin/css/login.min0757.css]
[connectingactions.net/wp-content/uploads/cropped-logo-270x270.jpg]
[connectingactions.net/wp-loginc2b6.html]
[connectingactions.net/wp-includes/js/zxcvbn-async.min5152.js]
[connectingactions.net/wp-includes/js/dist/vendor/wp-polyfill-inert.min0226.js]
[connectingactions.net/wp-includes/js/dist/vendor/regenerator-runtime.min8fa4.js]
[connectingactions.net/wp-includes/js/dist/vendor/wp-polyfill.min2c7c.js]
[connectingactions.net/wp-includes/js/dist/hooks.min6c65.js]
[connectingactions.net/wp-includes/js/dist/i18n.mine57b.js]
[connectingactions.net/wp-admin/js/password-strength-meter.min0757.js]
[connectingactions.net/wp-includes/js/underscore.mind584.js]
[connectingactions.net/wp-includes/js/wp-util.min0757.js]
[connectingactions.net/wp-admin/js/user-profile.min0757.js]
[connectingactions.net/wp-login.html]
[connectingactions.net/indexcf9a.html]
[connectingactions.net/wp-json/wp/v2/posts/276.json]
[connectingactions.net/wp-json/oembed/1.0/embedf64e.json]
[connectingactions.net/wp-json/oembed/1.0/embed9abd]
[connectingactions.net/wp-content/uploads/POD-Report-Fr.pdf]
[connectingactions.net/2023/06/rapport-fr-proche-orient-en-dialogue/index.html]
[connectingactions.net/wp-json/wp/v2/posts/269.json]
[connectingactions.net/wp-json/oembed/1.0/embed54c1.json]
[connectingactions.net/wp-json/oembed/1.0/embed81db]
[connectingactions.net/2023/06/middle-east-in-dialogue-report/index.html]
[connectingactions.net/wp-content/uploads/POD-Report.pdf]
[connectingactions.net/wp-json/wp/v2/posts/234.json]
[connectingactions.net/wp-json/oembed/1.0/embed5d94.json]
[connectingactions.net/wp-json/oembed/1.0/embedb523]
[www.connectingactions.net/wp-content/uploads/1645116155-1024x785.png]
[connectingactions.net/2022/02/dialogue-not-hate-ebook/index.html]
[connectingactions.net/wp-json/wp/v2/posts/179.json]
[connectingactions.net/wp-json/oembed/1.0/embedf4bf.json]
[connectingactions.net/2021/05/the-tolerance-conference-interfaith-testimonies/index.html]
[connectingactions.net/wp-json/oembed/1.0/embed1c51]
[connectingactions.net/wp-json/wp/v2/users/4.json]
[connectingactions.net/author/rafael-tyszblat/index.html]
[connectingactions.net/author/rafael-tyszblat/feed/index.html]
[connectingactions.net/wp-json/wp/v2/posts/111.json]
[connectingactions.net/wp-json/oembed/1.0/embed21ff.json]
[connectingactions.net/wp-json/oembed/1.0/embed5c6a]
[www.connectingactions.net/wp-content/uploads/connecting-actions-report-150x150.png]
[connectingactions.net/2017/07/connecting-muslim-jewish-actions-toolkit/index.html]
[connectingactions.net/index73fa.html]
[connectingactions.net/2023/06/276/index.html]
[connectingactions.net/wp-json/wp/v2/categories/5.json]
[connectingactions.net/category/archive/index.html]
[connectingactions.net/category/archive/feed/index.html]
[connectingactions.net/wp-json/wp/v2/posts/153.json]
[connectingactions.net/category/archive/page/2/index.html]
[connectingactions.net/wp-json/oembed/1.0/embed5bd6.json]
[connectingactions.net/2018/08/press-release-launch-of-european-institute-for-dialogue-eifd/index.html]
[connectingactions.net/wp-json/oembed/1.0/embedf3de]
[connectingactions.net/wp-json/wp/v2/posts/155.json]
[connectingactions.net/wp-json/oembed/1.0/embed944c.json]
[connectingactions.net/2018/08/connecting-actions-2018-coalition-report-and-actions-plan/index.html]
[connectingactions.net/wp-json/oembed/1.0/embed333e]
[connectingactions.net/wp-json/wp/v2/posts/134.json]
[connectingactions.net/wp-json/oembed/1.0/embed2966.json]
[connectingactions.net/2018/02/connecting-actions-2017-report/index.html]
[connectingactions.net/wp-json/oembed/1.0/embed51f8]
[connectingactions.net/wp-json/wp/v2/posts/129.json]
[connectingactions.net/wp-json/oembed/1.0/embedfa4f.json]
[connectingactions.net/wp-json/oembed/1.0/embedf85f]
[connectingactions.net/wp-content/uploads/Connecting-Actions-2017-Press-Release.pdf]
[connectingactions.net/2018/01/post-conference-press-release-2017/index.html]
[connectingactions.net/wp-json/wp/v2/posts/124.json]
[connectingactions.net/wp-json/oembed/1.0/embed8a3a.json]
[connectingactions.net/wp-json/oembed/1.0/embedd665]
[connectingactions.net/wp-content/uploads/Connecting Action 2nd Symposium Pre Program.pdf]
[connectingactions.net/2017/11/program-2017/index.html]
[connectingactions.net/author/a-hohenecker/page/2/index.html]
[connectingactions.net/wp-json/wp/v2/posts/77.json]
[connectingactions.net/wp-json/oembed/1.0/embed07bd.json]
[connectingactions.net/2017/01/connecting-actions-2016-report/index.html]
[connectingactions.net/wp-json/oembed/1.0/embed48e9]
[connectingactions.net/wp-json/wp/v2/posts/70.json]
[connectingactions.net/wp-json/oembed/1.0/embed15ec.json]
[connectingactions.net/wp-json/oembed/1.0/embedc4df]
[www.connectingactions.net/wp-content/uploads/banner-300x191.jpg]
[connectingactions.net/wp-content/uploads/Connecting Actions - Press Release post event.pdf]
[connectingactions.net/2016/12/post-conference-press-release-2016/index.html]
[connectingactions.net/wp-json/wp/v2/posts/36.json]
[connectingactions.net/wp-json/oembed/1.0/embed1eee.json]
[connectingactions.net/2016/11/preliminary-schedule/index.html]
[connectingactions.net/wp-json/oembed/1.0/embed600c]
[connectingactions.net/wp-json/wp/v2/posts/28.json]
[connectingactions.net/wp-json/oembed/1.0/embedee17.json]
[connectingactions.net/wp-json/oembed/1.0/embed0afd]
[connectingactions.net/wp-content/uploads/Press Release Connecting Actions.pdf]
[www.connectingactions.net/wp-content/uploads/mjc.png]
[connectingactions.net/2016/11/pre-conference-press-release-2016/index.html]
[connectingactions.net/wp-json/wp/v2/posts/1.json]
[connectingactions.net/2016/11/communique-de-presse-avant-la-conference-2016/feed/index.html]
[connectingactions.net/wp-json/oembed/1.0/embedad88.json]
[connectingactions.net/wp-json/oembed/1.0/embed71dc]
[connectingactions.net/wp-content/uploads/Communique de Presse Connecting Actions.pdf]
[connectingactions.net/2016/11/communique-de-presse-avant-la-conference-2016/index.html]
[connectingactions.net/wp-includes/fonts/dashicons7d4b.eot]
[connectingactions.net/wp-includes/fonts/dashicons7d4b.ttf]
[connectingactions.net/wp-includes/css/dashicons.min0757.css]
[connectingactions.net/wp-includes/css/buttons.min0757.css]
[connectingactions.net/wp-admin/images/loading.gif]
[connectingactions.net/wp-admin/css/forms.min0757.css]
[connectingactions.net/wp-admin/css/l10n.min0757.css]
[connectingactions.net/wp-admin/images/w-logo-blue7a53.png]
[connectingactions.net/wp-admin/css/login.min0757.css]
[connectingactions.net/wp-loginc2b6.html]
[connectingactions.net/index44be.html]
[connectingactions.net/index67bc.html]
[connectingactions.net/index6cd9.html]
[connectingactions.net/indexccf8.html]
[connectingactions.net/indexbbbb.html]
[connectingactions.net/category/archive/page/2/index.html]
[connectingactions.net/indexd7d8.html]
[connectingactions.net/index43b2.html]
[connectingactions.net/index47f2.html]
[connectingactions.net/index1c00.html]
[connectingactions.net/indexd4a6.html]
[connectingactions.net/indexb135.html]
[connectingactions.net/index3f3a.html]
[connectingactions.net/index0d0b.html]
[connectingactions.net/index3c55.html]
[connectingactions.net/indexcff1.html]
[connectingactions.net/wp-admin/images/wordpress-logo7d6b.svg]
